{
  "n_samples": 100000,
  "train_samples": 70000,
  "validation_samples": 15000,
  "test_samples": 15000,
  "failure_rate_total": 0.00496,
  "failure_rate_train": 0.004957142857142857,
  "failure_rate_validation": 0.005,
  "failure_rate_test": 0.004933333333333333,
  "random_state": 42,
  "model": "LogisticRegression(class_weight='balanced') inside sklearn Pipeline(StandardScaler + classifier)",
  "fn_cost": 50000.0,
  "fp_cost": 500.0,
  "standard": {
    "threshold": 0.5,
    "accuracy": 0.9895333333333334,
    "precision": 0.31555555555555553,
    "recall": 0.9594594594594594,
    "f1": 0.47491638795986624,
    "f2": 0.6813819577735125,
    "f0_5": 0.364476386036961,
    "auc_roc": 0.9973445574745321,
    "average_precision": 0.9182444578263048,
    "tn": 14772,
    "fp": 154,
    "fn": 3,
    "tp": 71,
    "total_cost": 227000.0
  },
  "optimized": {
    "threshold": 0.37,
    "accuracy": 0.9859333333333333,
    "precision": 0.25448028673835127,
    "recall": 0.9594594594594594,
    "f1": 0.40226628895184136,
    "f2": 0.6173913043478261,
    "f0_5": 0.29831932773109243,
    "auc_roc": 0.9973445574745321,
    "average_precision": 0.9182444578263048,
    "tn": 14718,
    "fp": 208,
    "fn": 3,
    "tp": 71,
    "total_cost": 254000.0
  },
  "threshold_selection_set": "validation",
  "savings": -27000.0,
  "savings_pct": -11.894273127753303
}
